Successfully connected to the database!
Found 15 users.
[
  {
    id: 'cmmhzyb3g0000sntc9khzu9rn',
    firstName: 'Jarda',
    lastName: 'Petarda',
    email: 'petarda@czu.cz',
    passwordHash: '$2b$10$9On60wwlBrYt9TWiIdrfROzfjQDVFOJsuRlM7GyRJQY4F/sFdpHX2',
    role: 'STUDENT',
    isActive: true,
    lastLoginAt: null,
    createdAt: 2026-03-08T16:58:53.735Z,
    updatedAt: 2026-03-08T18:09:47.457Z,
    cohort: '2025'
  },
  {
    id: 'usr_teacher',
    firstName: 'Petr',
    lastName: 'U─Źitel',
    email: 'teacher@skola.cz',
    passwordHash: '$2b$10$yELbUIav8nhcKyB81AP/b.7w1DxsxBD1CTHwJzcT5Lu4XBiVdPYZ6',
    role: 'TEACHER',
    isActive: true,
    lastLoginAt: null,
    createdAt: 2026-03-08T13:08:52.536Z,
    updatedAt: 2026-03-08T18:12:16.780Z,
    cohort: null
  },
  {
    id: 'usr_stud1',
    firstName: 'Jan',
    lastName: 'Student',
    email: 'jan.student@skola.cz',
    passwordHash: '$2b$10$yELbUIav8nhcKyB81AP/b.7w1DxsxBD1CTHwJzcT5Lu4XBiVdPYZ6',
    role: 'STUDENT',
    isActive: true,
    lastLoginAt: 2026-03-08T18:19:48.085Z,
    createdAt: 2026-03-08T13:08:52.536Z,
    updatedAt: 2026-03-08T18:19:48.086Z,
    cohort: '2025'
  },
  {
    id: 'cmmi6rku20000snb071nqtze0',
    firstName: 'Student1',
    lastName: 'Testovac├ş',
    email: 'student1@example.cz',
    passwordHash: '$2b$10$z/tFGM/duvSwhmLTwqdURu9Jshu1obrlggChnLXGee.jiHgcZLUpS',
    role: 'STUDENT',
    isActive: true,
    lastLoginAt: null,
    createdAt: 2026-03-08T20:09:36.907Z,
    updatedAt: 2026-03-08T20:10:26.446Z,
    cohort: '2025'
  },
  {
    id: 'cmmi6rkxh0001snb03iwuo8rr',
    firstName: 'Student2',
    lastName: 'Testovac├ş',
    email: 'student2@example.cz',
    passwordHash: '$2b$10$nZE/D7/3499uxY96JlGgFug5DOZqto6VIV487HZu9X1Fu14EKWy8.',
    role: 'STUDENT',
    isActive: true,
    lastLoginAt: null,
    createdAt: 2026-03-08T20:09:37.205Z,
    updatedAt: 2026-03-08T20:10:26.446Z,
    cohort: '2025'
  },
  {
    id: 'cmmi6rl170002snb0layy96gh',
    firstName: 'Student3',
    lastName: 'Testovac├ş',
    email: 'student3@example.cz',
    passwordHash: '$2b$10$60JDQiLHSL0vAkYFe/VLZeS.fCJDJRfYl1u1wGV5JJV61UvFLc2/O',
    role: 'STUDENT',
    isActive: true,
    lastLoginAt: null,
    createdAt: 2026-03-08T20:09:37.339Z,
    updatedAt: 2026-03-08T20:10:26.446Z,
    cohort: '2025'
  },
  {
    id: 'cmmi6rl3q0003snb0fybmfz4d',
    firstName: 'Student4',
    lastName: 'Testovac├ş',
    email: 'student4@example.cz',
    passwordHash: '$2b$10$t37tLeAg7hGnaNzBLdV2BeTtpGpceW3raj1CeEB.mRzRctig.yOv.',
    role: 'STUDENT',
    isActive: true,
    lastLoginAt: null,
    createdAt: 2026-03-08T20:09:37.431Z,
    updatedAt: 2026-03-08T20:10:26.446Z,
    cohort: '2025'
  },
  {
    id: 'cmmi6rl6p0004snb06dtz5eh3',
    firstName: 'Student5',
    lastName: 'Testovac├ş',
    email: 'student5@example.cz',
    passwordHash: '$2b$10$vHKZDK2jIeDhwZlvI72Opuy.NYTianIlWdBFHvkZORMEE0af2qTF2',
    role: 'STUDENT',
    isActive: true,
    lastLoginAt: null,
    createdAt: 2026-03-08T20:09:37.537Z,
    updatedAt: 2026-03-08T20:10:26.446Z,
    cohort: '2025'
  },
  {
    id: 'cmmi6rl9i0005snb0ppqoq00p',
    firstName: 'Student6',
    lastName: 'Testovac├ş',
    email: 'student6@example.cz',
    passwordHash: '$2b$10$3tmpXyeHCXAuy7bSlwzNSe4b5Bs4CAfl.inUIW2dXNhOzAgYUaax6',
    role: 'STUDENT',
    isActive: true,
    lastLoginAt: null,
    createdAt: 2026-03-08T20:09:37.639Z,
    updatedAt: 2026-03-08T20:10:26.446Z,
    cohort: '2025'
  },
  {
    id: 'cmmi6rlc80006snb06sw8wtdl',
    firstName: 'Student7',
    lastName: 'Testovac├ş',
    email: 'student7@example.cz',
    passwordHash: '$2b$10$GVcua2DX6LLW67008H6xXOl6IHtNvJWUk46WPkGhlBsogClyodZja',
    role: 'STUDENT',
    isActive: true,
    lastLoginAt: null,
    createdAt: 2026-03-08T20:09:37.736Z,
    updatedAt: 2026-03-08T20:10:26.446Z,
    cohort: '2025'
  },
  {
    id: 'cmmi6rlf10007snb0zh76c5fc',
    firstName: 'Student8',
    lastName: 'Testovac├ş',
    email: 'student8@example.cz',
    passwordHash: '$2b$10$2exgRiZwllrr4M8Xm4u3wOj6NtRB8/2.8zqLZFxCGDzmGp0jV58Ha',
    role: 'STUDENT',
    isActive: true,
    lastLoginAt: null,
    createdAt: 2026-03-08T20:09:37.838Z,
    updatedAt: 2026-03-08T20:10:26.446Z,
    cohort: '2025'
  },
  {
    id: 'cmmi6rlhs0008snb0xzp36rnv',
    firstName: 'Student9',
    lastName: 'Testovac├ş',
    email: 'student9@example.cz',
    passwordHash: '$2b$10$fb3G7BSjLaphYmgevtaPOO84aQVq5Xmj9tLQXxmjGvbbZVrmft2Pq',
    role: 'STUDENT',
    isActive: true,
    lastLoginAt: null,
    createdAt: 2026-03-08T20:09:37.936Z,
    updatedAt: 2026-03-08T20:10:26.446Z,
    cohort: '2025'
  },
  {
    id: 'cmmi6rlkc0009snb0y20hytog',
    firstName: 'Student10',
    lastName: 'Testovac├ş',
    email: 'student10@example.cz',
    passwordHash: '$2b$10$7gwdIpIP0gEtWEIz1acF8O.wmTIK6CkIIEP4nuRfxGW/9ktvYa0a2',
    role: 'STUDENT',
    isActive: true,
    lastLoginAt: null,
    createdAt: 2026-03-08T20:09:38.028Z,
    updatedAt: 2026-03-08T20:10:26.446Z,
    cohort: '2025'
  },
  {
    id: 'usr_admin',
    firstName: 'Admin',
    lastName: 'Syst├ęmu',
    email: 'admin@skola.cz',
    passwordHash: '$2b$10$yELbUIav8nhcKyB81AP/b.7w1DxsxBD1CTHwJzcT5Lu4XBiVdPYZ6',
    role: 'ADMIN',
    isActive: true,
    lastLoginAt: 2026-03-10T20:13:45.642Z,
    createdAt: 2026-03-08T13:08:52.536Z,
    updatedAt: 2026-03-10T20:13:45.644Z,
    cohort: null
  },
  {
    id: 'usr_stud2',
    firstName: 'Eva',
    lastName: 'Studentov├í',
    email: 'eva.studentova@skola.cz',
    passwordHash: '$2b$10$yELbUIav8nhcKyB81AP/b.7w1DxsxBD1CTHwJzcT5Lu4XBiVdPYZ6',
    role: 'STUDENT',
    isActive: true,
    lastLoginAt: null,
    createdAt: 2026-03-08T13:08:52.536Z,
    updatedAt: 2026-03-08T17:53:06.335Z,
    cohort: '2025'
  }
]
