components/enrollment/EnrollmentHeader.tsx(279,48): error TS2345: Argument of type 'string | Date' is not assignable to parameter of type 'string'.
  Type 'Date' is not assignable to type 'string'.
components/enrollment/EnrollmentHeader.tsx(283,46): error TS2345: Argument of type 'string | Date' is not assignable to parameter of type 'string'.
  Type 'Date' is not assignable to type 'string'.
